[mieszkomakuch.github.io/problemy-synchronizacyjne/index.html]
[backblue.gif]
[fade.gif]
[index.html]
[mieszkomakuch.github.io/problemy-synchronizacyjne/css/bootstrap.min.css]
[mieszkomakuch.github.io/problemy-synchronizacyjne/css/font-awesome.min.css]
[mieszkomakuch.github.io/problemy-synchronizacyjne/css/github.css]
[mieszkomakuch.github.io/problemy-synchronizacyjne/css/main.css]
[mieszkomakuch.github.io/problemy-synchronizacyjne/doc/dining-philosophers.html]
[mieszkomakuch.github.io/problemy-synchronizacyjne/doc/dining-philosophers-resourceh-code.html]
[mieszkomakuch.github.io/problemy-synchronizacyjne/doc/dining-philosophers-waiter-code.html]
[mieszkomakuch.github.io/problemy-synchronizacyjne/doc/readers-writers.html]
[mieszkomakuch.github.io/problemy-synchronizacyjne/doc/readers-writers-rwp1.html]
[mieszkomakuch.github.io/problemy-synchronizacyjne/doc/readers-writers-rwp3.html]
[mieszkomakuch.github.io/problemy-synchronizacyjne/doc/producers-consumers.html]
[mieszkomakuch.github.io/problemy-synchronizacyjne/doc/producers-consumers-source.html]
[mieszkomakuch.github.io/problemy-synchronizacyjne/img/at_the_table.png]
[mieszkomakuch.github.io/problemy-synchronizacyjne/index.html]
[mieszkomakuch.github.io/problemy-synchronizacyjne/js/highlight.pack.js]
[mieszkomakuch.github.io/problemy-synchronizacyjne/fonts/glyphicons-halflings-regular.eot]
[mieszkomakuch.github.io/problemy-synchronizacyjne/fonts/glyphicons-halflings-regulard41d.eot]
[mieszkomakuch.github.io/problemy-synchronizacyjne/fonts/glyphicons-halflings-regular.woff2]
[mieszkomakuch.github.io/problemy-synchronizacyjne/fonts/glyphicons-halflings-regular.woff]
[mieszkomakuch.github.io/problemy-synchronizacyjne/fonts/glyphicons-halflings-regular.ttf]
[mieszkomakuch.github.io/problemy-synchronizacyjne/fonts/glyphicons-halflings-regular.svg]
[mieszkomakuch.github.io/problemy-synchronizacyjne/css/bootstrap.min.css]
[mieszkomakuch.github.io/problemy-synchronizacyjne/fonts/fontawesome-webfont5b62.eot]
[mieszkomakuch.github.io/problemy-synchronizacyjne/fonts/fontawesome-webfontd41d.eot]
[mieszkomakuch.github.io/problemy-synchronizacyjne/fonts/fontawesome-webfont5b62.woff2]
[mieszkomakuch.github.io/problemy-synchronizacyjne/fonts/fontawesome-webfont5b62.woff]
[mieszkomakuch.github.io/problemy-synchronizacyjne/fonts/fontawesome-webfont5b62.ttf]
[mieszkomakuch.github.io/problemy-synchronizacyjne/css/font-awesome.min.css]
[mieszkomakuch.github.io/problemy-synchronizacyjne/css/github.css]
[mieszkomakuch.github.io/problemy-synchronizacyjne/fonts/fontawesome-webfont5b62.svg]
[mieszkomakuch.github.io/problemy-synchronizacyjne/img/footer_bg.png]
[mieszkomakuch.github.io/problemy-synchronizacyjne/css/main.css]
[mieszkomakuch.github.io/problemy-synchronizacyjne/img/forks.png]
[mieszkomakuch.github.io/problemy-synchronizacyjne/img/resource_hierarchy.png]
[mieszkomakuch.github.io/problemy-synchronizacyjne/img/resource_hierarchy_result.png]
[mieszkomakuch.github.io/problemy-synchronizacyjne/img/semaphore.png]
[mieszkomakuch.github.io/problemy-synchronizacyjne/doc/dining-philosophers.html]
[mieszkomakuch.github.io/problemy-synchronizacyjne/doc/dining-philosophers-resourceh-code.html]
[mieszkomakuch.github.io/problemy-synchronizacyjne/doc/dining-philosophers-waiter-code.html]
[mieszkomakuch.github.io/problemy-synchronizacyjne/img/woman-reader_2256250b.jpg]
[mieszkomakuch.github.io/problemy-synchronizacyjne/doc/readers-writers-rwp2.html]
[mieszkomakuch.github.io/problemy-synchronizacyjne/doc/readers-writers.html]
[mieszkomakuch.github.io/problemy-synchronizacyjne/doc/readers-writers-rwp1.html]
[mieszkomakuch.github.io/problemy-synchronizacyjne/doc/readers-writers-rwp3.html]
[mieszkomakuch.github.io/problemy-synchronizacyjne/img/producers-consumers.jpg]
[mieszkomakuch.github.io/problemy-synchronizacyjne/doc/producers-consumers.html]
[mieszkomakuch.github.io/problemy-synchronizacyjne/doc/producers-consumers-source.html]
[mieszkomakuch.github.io/problemy-synchronizacyjne/fonts/glyphicons-halflings-regular.html]
[mieszkomakuch.github.io/problemy-synchronizacyjne/fonts/glyphicons-halflings-regulard41d.html]
[mieszkomakuch.github.io/problemy-synchronizacyjne/fonts/glyphicons-halflings-regular-2.html]
[mieszkomakuch.github.io/problemy-synchronizacyjne/fonts/glyphicons-halflings-regular-3.html]
[mieszkomakuch.github.io/problemy-synchronizacyjne/fonts/glyphicons-halflings-regular-4.html]
[mieszkomakuch.github.io/problemy-synchronizacyjne/fonts/glyphicons-halflings-regular-5.html]
[mieszkomakuch.github.io/problemy-synchronizacyjne/fonts/fontawesome-webfont5b62.svg]
[mieszkomakuch.github.io/problemy-synchronizacyjne/doc/readers-writers-rwp2.html]
